{
  "$schema": "http://json-schema.org/draft-07/schema#",
  "title": "MyContainer",
  "type": "object",
  "properties": {
    "associated": {
      "type": "string"
    },
    "generic": {
      "type": "null"
    }
  },
  "required": [
    "associated",
    "generic"
  ]
}