{
  "$schema": "http://json-schema.org/draft-07/schema#",
  "title": "Struct",
  "type": "object",
  "properties": {
    "bar": {
      "type": "boolean"
    },
    "foo": {
      "description": "This is a document",
      "type": "integer",
      "format": "int32"
    }
  },
  "required": [
    "foo",
    "bar"
  ]
}