{
  "$schema": "http://json-schema.org/draft-07/schema#",
  "title": "DeprecatedEnum",
  "deprecated": true,
  "oneOf": [
    {
      "type": "string",
      "enum": [
        "Unit"
      ]
    },
    {
      "type": "string",
      "deprecated": true,
      "enum": [
        "DeprecatedUnitVariant"
      ]
    },
    {
      "type": "object",
      "properties": {
        "DeprecatedStructVariant": {
          "type": "object",
          "properties": {
            "deprecated_field": {
              "type": "boolean",
              "deprecated": true
            },
            "foo": {
              "type": "integer",
              "format": "int32"
            }
          },
          "required": [
            "deprecated_field",
            "foo"
          ]
        }
      },
      "additionalProperties": false,
      "deprecated": true,
      "required": [
        "DeprecatedStructVariant"
      ]
    }
  ]
}