{
  "$schema": "http://json-schema.org/draft-07/schema#",
  "title": "DeprecatedStruct",
  "type": "object",
  "properties": {
    "deprecated_field": {
      "type": "boolean",
      "deprecated": true
    },
    "foo": {
      "type": "integer",
      "format": "int32"
    }
  },
  "deprecated": true,
  "required": [
    "deprecated_field",
    "foo"
  ]
}