{
  "$schema": "http://json-schema.org/draft-07/schema#",
  "title": "Set_of_Foo",
  "type": "array",
  "uniqueItems": true,
  "items": {
    "$ref": "#/definitions/Foo"
  },
  "definitions": {
    "Foo": {
      "type": "string",
      "enum": [
        "Bar",
        "Baz"
      ]
    }
  }
}