{
  "$schema": "http://json-schema.org/draft-07/schema#",
  "title": "External",
  "oneOf": [
    {
      "type": "string",
      "enum": [
        "unitOne",
        "unitTwo"
      ]
    },
    {
      "type": "object",
      "properties": {
        "stringMap": {
          "type": "object",
          "additionalProperties": {
            "type": "string"
          }
        }
      },
      "additionalProperties": false,
      "required": [
        "stringMap"
      ]
    },
    {
      "type": "object",
      "properties": {
        "unitStructNewType": {
          "$ref": "#/definitions/UnitStruct"
        }
      },
      "additionalProperties": false,
      "required": [
        "unitStructNewType"
      ]
    },
    {
      "type": "object",
      "properties": {
        "structNewType": {
          "$ref": "#/definitions/Struct"
        }
      },
      "additionalProperties": false,
      "required": [
        "structNewType"
      ]
    },
    {
      "type": "object",
      "properties": {
        "struct": {
          "type": "object",
          "properties": {
            "bar": {
              "type": "boolean"
            },
            "foo": {
              "type": "integer",
              "format": "int32"
            }
          },
          "required": [
            "foo",
            "bar"
          ]
        }
      },
      "additionalProperties": false,
      "required": [
        "struct"
      ]
    },
    {
      "type": "object",
      "properties": {
        "tuple": {
          "type": "array",
          "items": [
            {
              "type": "integer",
              "format": "int32"
            },
            {
              "type": "boolean"
            }
          ],
          "maxItems": 2,
          "minItems": 2
        }
      },
      "additionalProperties": false,
      "required": [
        "tuple"
      ]
    },
    {
      "type": "object",
      "properties": {
        "withInt": {
          "type": "integer",
          "format": "int32"
        }
      },
      "additionalProperties": false,
      "required": [
        "withInt"
      ]
    }
  ],
  "definitions": {
    "Struct": {
      "type": "object",
      "properties": {
        "bar": {
          "type": "boolean"
        },
        "foo": {
          "type": "integer",
          "format": "int32"
        }
      },
      "required": [
        "foo",
        "bar"
      ]
    },
    "UnitStruct": {
      "type": "null"
    }
  }
}