{
  "$schema": "http://json-schema.org/draft-07/schema#",
  "title": "Adjacent",
  "oneOf": [
    {
      "type": "object",
      "properties": {
        "t": {
          "type": "string",
          "enum": [
            "UnitOne"
          ]
        }
      },
      "additionalProperties": false,
      "required": [
        "t"
      ]
    },
    {
      "type": "object",
      "properties": {
        "c": {
          "type": "object",
          "additionalProperties": {
            "type": "string"
          }
        },
        "t": {
          "type": "string",
          "enum": [
            "StringMap"
          ]
        }
      },
      "additionalProperties": false,
      "required": [
        "c",
        "t"
      ]
    },
    {
      "type": "object",
      "properties": {
        "c": {
          "$ref": "#/definitions/UnitStruct"
        },
        "t": {
          "type": "string",
          "enum": [
            "UnitStructNewType"
          ]
        }
      },
      "additionalProperties": false,
      "required": [
        "c",
        "t"
      ]
    },
    {
      "type": "object",
      "properties": {
        "c": {
          "$ref": "#/definitions/Struct"
        },
        "t": {
          "type": "string",
          "enum": [
            "StructNewType"
          ]
        }
      },
      "additionalProperties": false,
      "required": [
        "c",
        "t"
      ]
    },
    {
      "type": "object",
      "properties": {
        "c": {
          "type": "object",
          "properties": {
            "bar": {
              "type": "boolean"
            },
            "foo": {
              "type": "integer",
              "format": "int32"
            }
          },
          "additionalProperties": false,
          "required": [
            "bar",
            "foo"
          ]
        },
        "t": {
          "type": "string",
          "enum": [
            "Struct"
          ]
        }
      },
      "additionalProperties": false,
      "required": [
        "c",
        "t"
      ]
    },
    {
      "type": "object",
      "properties": {
        "c": {
          "type": "array",
          "items": [
            {
              "type": "integer",
              "format": "int32"
            },
            {
              "type": "boolean"
            }
          ],
          "maxItems": 2,
          "minItems": 2
        },
        "t": {
          "type": "string",
          "enum": [
            "Tuple"
          ]
        }
      },
      "additionalProperties": false,
      "required": [
        "c",
        "t"
      ]
    },
    {
      "type": "object",
      "properties": {
        "t": {
          "type": "string",
          "enum": [
            "UnitTwo"
          ]
        }
      },
      "additionalProperties": false,
      "required": [
        "t"
      ]
    },
    {
      "type": "object",
      "properties": {
        "c": {
          "type": "integer",
          "format": "int32"
        },
        "t": {
          "type": "string",
          "enum": [
            "WithInt"
          ]
        }
      },
      "additionalProperties": false,
      "required": [
        "c",
        "t"
      ]
    }
  ],
  "definitions": {
    "Struct": {
      "type": "object",
      "properties": {
        "bar": {
          "type": "boolean"
        },
        "foo": {
          "type": "integer",
          "format": "int32"
        }
      },
      "required": [
        "bar",
        "foo"
      ]
    },
    "UnitStruct": {
      "type": "null"
    }
  }
}