{
  "$schema": "http://json-schema.org/draft-07/schema#",
  "title": "Flat",
  "type": "object",
  "properties": {
    "b": {
      "type": "boolean"
    },
    "f": {
      "type": "number",
      "format": "float"
    },
    "os": {
      "type": "string",
      "default": ""
    },
    "s": {
      "type": "string"
    },
    "v": {
      "type": "array",
      "items": {
        "type": "integer",
        "format": "int32"
      }
    }
  },
  "required": [
    "f",
    "b",
    "s",
    "v"
  ]
}