{
  "$schema": "http://json-schema.org/draft-07/schema#",
  "title": "MyJob",
  "type": "object",
  "properties": {
    "spec": {
      "type": "object",
      "properties": {
        "replicas": {
          "type": "integer",
          "format": "uint32",
          "minimum": 0.0
        }
      },
      "required": [
        "replicas"
      ]
    }
  },
  "required": [
    "spec"
  ]
}