{
  "$schema": "http://json-schema.org/draft-07/schema#",
  "title": "RecursiveOuter",
  "type": "object",
  "properties": {
    "direct": {
      "anyOf": [
        {
          "$ref": "#/definitions/RecursiveOuter"
        },
        {
          "type": "null"
        }
      ]
    },
    "indirect": {
      "type": [
        "object",
        "null"
      ],
      "properties": {
        "recursive": {
          "$ref": "#/definitions/RecursiveOuter"
        }
      },
      "required": [
        "recursive"
      ]
    }
  },
  "definitions": {
    "RecursiveOuter": {
      "type": "object",
      "properties": {
        "direct": {
          "anyOf": [
            {
              "$ref": "#/definitions/RecursiveOuter"
            },
            {
              "type": "null"
            }
          ]
        },
        "indirect": {
          "type": [
            "object",
            "null"
          ],
          "properties": {
            "recursive": {
              "$ref": "#/definitions/RecursiveOuter"
            }
          },
          "required": [
            "recursive"
          ]
        }
      }
    }
  }
}