{
  "$schema": "http://json-schema.org/draft-07/schema#",
  "title": "A",
  "type": "object",
  "properties": {
    "v": {
      "type": "integer",
      "format": "int32"
    },
    "x": {
      "type": "integer",
      "format": "uint8",
      "minimum": 0.0
    }
  },
  "required": [
    "v",
    "x"
  ]
}