{
  "$schema": "http://json-schema.org/draft-07/schema#",
  "title": "OuterEnum",
  "oneOf": [
    {
      "type": "object",
      "properties": {
        "InnerStruct": {
          "$ref": "#/definitions/InnerStruct"
        }
      },
      "required": [
        "InnerStruct"
      ],
      "additionalProperties": false
    }
  ],
  "definitions": {
    "InnerStruct": {
      "type": "object",
      "properties": {
        "x": {
          "type": "integer",
          "format": "int32"
        }
      },
      "required": [
        "x"
      ]
    }
  }
}