{
  "$schema": "http://json-schema.org/draft-07/schema#",
  "title": "OsStrings",
  "type": "object",
  "properties": {
    "borrowed": {
      "$ref": "#/definitions/OsString"
    },
    "owned": {
      "$ref": "#/definitions/OsString"
    }
  },
  "required": [
    "owned",
    "borrowed"
  ],
  "definitions": {
    "OsString": {
      "oneOf": [
        {
          "type": "object",
          "properties": {
            "Unix": {
              "type": "array",
              "items": {
                "type": "integer",
                "format": "uint8",
                "minimum": 0
              }
            }
          },
          "required": [
            "Unix"
          ]
        },
        {
          "type": "object",
          "properties": {
            "Windows": {
              "type": "array",
              "items": {
                "type": "integer",
                "format": "uint16",
                "minimum": 0
              }
            }
          },
          "required": [
            "Windows"
          ]
        }
      ]
    }
  }
}