{
  "$schema": "http://json-schema.org/draft-07/schema#",
  "title": "MyStruct",
  "type": "object",
  "properties": {
    "range": {
      "$ref": "#/definitions/Range_of_uint"
    },
    "inclusive": {
      "$ref": "#/definitions/Range_of_double"
    },
    "bound": {
      "$ref": "#/definitions/Bound_of_string"
    }
  },
  "required": [
    "range",
    "inclusive",
    "bound"
  ],
  "definitions": {
    "Range_of_uint": {
      "type": "object",
      "properties": {
        "start": {
          "type": "integer",
          "format": "uint",
          "minimum": 0
        },
        "end": {
          "type": "integer",
          "format": "uint",
          "minimum": 0
        }
      },
      "required": [
        "start",
        "end"
      ]
    },
    "Range_of_double": {
      "type": "object",
      "properties": {
        "start": {
          "type": "number",
          "format": "double"
        },
        "end": {
          "type": "number",
          "format": "double"
        }
      },
      "required": [
        "start",
        "end"
      ]
    },
    "Bound_of_string": {
      "oneOf": [
        {
          "type": "object",
          "properties": {
            "Included": {
              "type": "string"
            }
          },
          "required": [
            "Included"
          ]
        },
        {
          "type": "object",
          "properties": {
            "Excluded": {
              "type": "string"
            }
          },
          "required": [
            "Excluded"
          ]
        },
        {
          "type": "string",
          "const": "Unbounded"
        }
      ]
    }
  }
}