{
  "$schema": "http://json-schema.org/draft-07/schema#",
  "title": "Process",
  "type": "object",
  "properties": {
    "command_line": {
      "type": "string"
    },
    "wall_time": {
      "$ref": "#/definitions/Duration"
    },
    "user_cpu_time": {
      "default": {
        "secs": 0,
        "nanos": 0
      },
      "allOf": [
        {
          "$ref": "#/definitions/Duration"
        }
      ]
    },
    "system_cpu_time": {
      "default": "0.000000000s",
      "allOf": [
        {
          "$ref": "#/definitions/Duration"
        }
      ]
    }
  },
  "required": [
    "command_line",
    "wall_time"
  ],
  "definitions": {
    "Duration": {
      "type": "object",
      "properties": {
        "secs": {
          "type": "integer",
          "format": "int64"
        },
        "nanos": {
          "type": "integer",
          "format": "int32"
        }
      },
      "required": [
        "secs",
        "nanos"
      ]
    }
  }
}