{
  "$schema": "http://json-schema.org/draft-07/schema#",
  "title": "Container",
  "type": "object",
  "properties": {
    "result1": {
      "$ref": "#/definitions/Result_of_MyStruct_or_Array_of_string"
    },
    "result2": {
      "$ref": "#/definitions/Result_of_boolean_or_null"
    }
  },
  "required": [
    "result1",
    "result2"
  ],
  "definitions": {
    "MyStruct": {
      "type": "object",
      "properties": {
        "foo": {
          "type": "integer",
          "format": "int32"
        }
      },
      "required": [
        "foo"
      ]
    },
    "Result_of_MyStruct_or_Array_of_string": {
      "oneOf": [
        {
          "type": "object",
          "properties": {
            "Ok": {
              "$ref": "#/definitions/MyStruct"
            }
          },
          "required": [
            "Ok"
          ]
        },
        {
          "type": "object",
          "properties": {
            "Err": {
              "type": "array",
              "items": {
                "type": "string"
              }
            }
          },
          "required": [
            "Err"
          ]
        }
      ]
    },
    "Result_of_boolean_or_null": {
      "oneOf": [
        {
          "type": "object",
          "properties": {
            "Ok": {
              "type": "boolean"
            }
          },
          "required": [
            "Ok"
          ]
        },
        {
          "type": "object",
          "properties": {
            "Err": {
              "type": "null"
            }
          },
          "required": [
            "Err"
          ]
        }
      ]
    }
  }
}