{
  "$schema": "http://json-schema.org/draft-07/schema#",
  "title": "Config2",
  "type": "object",
  "properties": {
    "a_cfg": {
      "$ref": "#/definitions/Config"
    },
    "b_cfg": {
      "$ref": "#/definitions/Config2"
    }
  },
  "required": [
    "a_cfg",
    "b_cfg"
  ],
  "definitions": {
    "Config": {
      "type": "object",
      "properties": {
        "test": {
          "type": "string"
        }
      },
      "required": [
        "test"
      ]
    },
    "Config2": {
      "type": "object",
      "properties": {
        "test2": {
          "type": "string"
        }
      },
      "required": [
        "test2"
      ]
    }
  }
}