{
  "$schema": "http://json-schema.org/draft-07/schema#",
  "title": "Adjacent",
  "oneOf": [
    {
      "type": "object",
      "properties": {
        "c": {
          "type": "object",
          "properties": {
            "foo": {
              "type": "boolean"
            }
          },
          "required": [
            "foo"
          ]
        },
        "t": {
          "type": "string",
          "enum": [
            "Struct"
          ]
        }
      },
      "required": [
        "t",
        "c"
      ]
    },
    {
      "type": "object",
      "properties": {
        "c": {
          "type": "boolean"
        },
        "t": {
          "type": "string",
          "enum": [
            "NewType"
          ]
        }
      },
      "required": [
        "t",
        "c"
      ]
    },
    {
      "type": "object",
      "properties": {
        "c": {
          "type": "array",
          "items": [
            {
              "type": "boolean"
            },
            {
              "type": "integer",
              "format": "int32"
            }
          ],
          "maxItems": 2,
          "minItems": 2
        },
        "t": {
          "type": "string",
          "enum": [
            "Tuple"
          ]
        }
      },
      "required": [
        "t",
        "c"
      ]
    },
    {
      "type": "object",
      "properties": {
        "c": {
          "type": "boolean"
        },
        "t": {
          "type": "string",
          "enum": [
            "Unit"
          ]
        }
      },
      "required": [
        "t",
        "c"
      ]
    }
  ]
}