{
  "$schema": "http://json-schema.org/draft-07/schema#",
  "title": "External",
  "oneOf": [
    {
      "type": "object",
      "properties": {
        "struct": {
          "type": "object",
          "properties": {
            "foo": {
              "type": "boolean"
            }
          },
          "required": [
            "foo"
          ]
        }
      },
      "additionalProperties": false,
      "required": [
        "struct"
      ]
    },
    {
      "type": "object",
      "properties": {
        "newType": {
          "type": "boolean"
        }
      },
      "additionalProperties": false,
      "required": [
        "newType"
      ]
    },
    {
      "type": "object",
      "properties": {
        "tuple": {
          "type": "array",
          "items": [
            {
              "type": "boolean"
            },
            {
              "type": "integer",
              "format": "int32"
            }
          ],
          "maxItems": 2,
          "minItems": 2
        }
      },
      "additionalProperties": false,
      "required": [
        "tuple"
      ]
    },
    {
      "type": "object",
      "properties": {
        "unit": {
          "type": "boolean"
        }
      },
      "additionalProperties": false,
      "required": [
        "unit"
      ]
    }
  ]
}