{
  "$schema": "http://json-schema.org/draft-07/schema#",
  "title": "Internal",
  "oneOf": [
    {
      "type": "object",
      "properties": {
        "foo": {
          "type": "boolean"
        },
        "typeProperty": {
          "type": "string",
          "enum": [
            "Struct"
          ]
        }
      },
      "required": [
        "foo",
        "typeProperty"
      ]
    },
    {
      "type": "object",
      "properties": {
        "typeProperty": {
          "type": "string",
          "enum": [
            "NewType"
          ]
        }
      },
      "required": [
        "typeProperty"
      ]
    },
    {
      "type": "object",
      "properties": {
        "typeProperty": {
          "type": "string",
          "enum": [
            "Unit"
          ]
        }
      },
      "required": [
        "typeProperty"
      ]
    }
  ]
}