{
  "$schema": "https://spec.openapis.org/oas/3.0/schema/2021-09-28#/definitions/Schema",
  "title": "Outer",
  "type": "object",
  "properties": {
    "inner": {
      "allOf": [
        {
          "$ref": "#/components/schemas/Inner"
        }
      ],
      "nullable": true
    },
    "int": {
      "type": "integer",
      "format": "int32",
      "example": 8
    },
    "value": {},
    "values": {
      "type": "object",
      "additionalProperties": true
    }
  },
  "required": [
    "int",
    "value",
    "values"
  ],
  "definitions": {
    "Inner": {
      "oneOf": [
        {
          "type": "string",
          "enum": [
            "UndocumentedUnit1",
            "UndocumentedUnit2"
          ]
        },
        {
          "description": "This is a documented unit variant",
          "type": "string",
          "enum": [
            "DocumentedUnit"
          ]
        },
        {
          "type": "object",
          "additionalProperties": false,
          "properties": {
            "ValueNewType": {}
          },
          "required": [
            "ValueNewType"
          ]
        }
      ]
    }
  }
}