{
  "$schema": "http://json-schema.org/draft-07/schema#",
  "title": "Struct",
  "type": "object",
  "properties": {
    "bar": {
      "type": "integer",
      "format": "int32"
    },
    "baz": {
      "type": "boolean"
    },
    "foo": {
      "type": "boolean"
    }
  },
  "required": [
    "foo",
    "bar",
    "baz"
  ]
}