{
  "$schema": "http://json-schema.org/draft-07/schema#",
  "title": "MyStruct",
  "type": "object",
  "properties": {
    "included": {
      "type": "null"
    },
    "readable": {
      "type": "string",
      "default": "",
      "readOnly": true
    },
    "writable": {
      "type": "number",
      "format": "float",
      "writeOnly": true
    }
  },
  "required": [
    "writable",
    "included"
  ]
}