{
  "$schema": "http://json-schema.org/draft-07/schema#",
  "title": "Struct",
  "type": "object",
  "properties": {
    "bar": {
      "type": "boolean"
    },
    "baz": {
      "type": [
        "string",
        "null"
      ]
    },
    "foo": {
      "type": "integer",
      "format": "int32"
    }
  },
  "additionalProperties": false,
  "required": [
    "foo",
    "bar"
  ]
}