{
  "$schema": "http://json-schema.org/draft-07/schema#",
  "title": "UrlTypes",
  "type": "object",
  "properties": {
    "url": {
      "type": "string",
      "format": "uri"
    }
  },
  "required": [
    "url"
  ]
}