{
  "$schema": "http://json-schema.org/draft-07/schema#",
  "title": "NewType",
  "type": "integer",
  "format": "uint8",
  "minimum": 0,
  "maximum": 10
}