{
  "$schema": "http://json-schema.org/draft-07/schema#",
  "title": "Tuple",
  "type": "array",
  "items": [
    {
      "type": "integer",
      "format": "uint8",
      "minimum": 0,
      "maximum": 10
    },
    {
      "type": "boolean"
    }
  ],
  "minItems": 2,
  "maxItems": 2
}